::1 - - [30/May/2026 17:22:50] "GET / HTTP/1.1" 200 -
::1 - - [30/May/2026 17:22:50] "GET /app.js HTTP/1.1" 200 -
::1 - - [30/May/2026 17:22:50] "GET /style.css HTTP/1.1" 200 -
::1 - - [30/May/2026 17:22:50] "GET /data/cities.json HTTP/1.1" 200 -
::1 - - [30/May/2026 17:22:51] "GET /data/meta.json HTTP/1.1" 200 -
::1 - - [30/May/2026 17:22:51] "GET /data/cities/0.json HTTP/1.1" 200 -
::1 - - [30/May/2026 17:22:51] "GET /data/cities/0.json HTTP/1.1" 200 -
::1 - - [30/May/2026 17:23:49] "GET / HTTP/1.1" 200 -
::1 - - [30/May/2026 17:23:53] "GET / HTTP/1.1" 200 -
::1 - - [30/May/2026 17:23:53] "GET /style.css HTTP/1.1" 200 -
::1 - - [30/May/2026 17:23:53] "GET /app.js HTTP/1.1" 200 -
::1 - - [30/May/2026 17:23:53] "GET /data/cities.json HTTP/1.1" 200 -
::1 - - [30/May/2026 17:23:53] "GET /data/meta.json HTTP/1.1" 200 -
::1 - - [30/May/2026 17:23:54] code 404, message File not found
::1 - - [30/May/2026 17:23:54] "GET /favicon.ico HTTP/1.1" 404 -
::1 - - [30/May/2026 17:24:53] "GET / HTTP/1.1" 200 -
::1 - - [30/May/2026 17:24:53] "GET /style.css HTTP/1.1" 200 -
::1 - - [30/May/2026 17:24:53] "GET /app.js HTTP/1.1" 200 -
::1 - - [30/May/2026 17:24:53] "GET /data/cities.json HTTP/1.1" 200 -
::1 - - [30/May/2026 17:24:53] "GET /data/meta.json HTTP/1.1" 200 -
::1 - - [30/May/2026 17:24:54] "GET /data/cities/1.json HTTP/1.1" 200 -
::1 - - [30/May/2026 17:24:54] code 404, message File not found
::1 - - [30/May/2026 17:24:54] "GET /favicon.ico HTTP/1.1" 404 -
